// Jest Snapshot v1, https://goo.gl/fbAQLP

exports[`Characters List Component should render list of characters 1`] = `
<div>
  <div
    class="characters__grid"
  >
    <div
      class="characters__gridItems"
    >
      <div
        class="characters__card"
      >
        <div
          class="characters__cardImage"
        >
          <img
            alt="3-D Man"
            src="http://i.annihil.us/u/prod/marvel/i/mg/c/e0/535fecbbb9784.jpg"
          />
        </div>
        <div
          class="characters__cardBody"
        >
          <div
            class="characters__name"
          >
            <a
              href="/characters/1011334"
            >
              3-D Man
            </a>
          </div>
          <div
            class="characters__options"
          >
            <button
              style="color: white;"
              type="button"
            >
              <i
                class="fa-sharp fa-solid fa-heart"
              />
            </button>
            <button
              style="color: white; pointer-events: auto;"
              type="button"
            >
              <i
                class="fa-solid fa-eye-slash"
              />
            </button>
          </div>
        </div>
      </div>
    </div>
    <div
      class="characters__gridItems"
    >
      <div
        class="characters__card"
      >
        <div
          class="characters__cardImage"
        >
          <img
            alt="A-Bomb (HAS)"
            src="http://i.annihil.us/u/prod/marvel/i/mg/3/20/5232158de5b16.jpg"
          />
        </div>
        <div
          class="characters__cardBody"
        >
          <div
            class="characters__name"
          >
            <a
              href="/characters/1017100"
            >
              A-Bomb (HAS)
            </a>
          </div>
          <div
            class="characters__options"
          >
            <button
              style="color: white;"
              type="button"
            >
              <i
                class="fa-sharp fa-solid fa-heart"
              />
            </button>
            <button
              style="color: white; pointer-events: auto;"
              type="button"
            >
              <i
                class="fa-solid fa-eye-slash"
              />
            </button>
          </div>
        </div>
      </div>
    </div>
  </div>
  <section
    class="pagination"
  >
    <button
      class="pagination__prev"
      disabled=""
      type="button"
    >
      <i
        class="fa-solid fa-angle-left"
      />
    </button>
    <button
      class="pagination__btn pagination__btn--active"
      style="pointer-events: auto;"
      type="button"
    >
      1
    </button>
    <button
      class="pagination__btn"
      style="pointer-events: auto;"
      type="button"
    >
      2
    </button>
    <button
      class="pagination__btn"
      style="pointer-events: auto;"
      type="button"
    >
      3
    </button>
    <button
      class="pagination__btn"
      style="pointer-events: auto;"
      type="button"
    >
      4
    </button>
    <button
      class="pagination__btn"
      style="pointer-events: auto;"
      type="button"
    >
      5
    </button>
    <button
      class="pagination__btn"
      style="pointer-events: none;"
      type="button"
    >
      ...
    </button>
    <button
      class="pagination__btn"
      style="pointer-events: auto;"
      type="button"
    >
      78
    </button>
    <button
      class="pagination__next"
      type="button"
    >
      <i
        class="fa-solid fa-angle-right"
      />
    </button>
  </section>
</div>
`;
